Initialize engine version: 2017.4.34f1 (121f18246307)
GfxDevice: creating device client; threaded=1
Direct3D:
    Version:  Direct3D 11.0 [level 11.1]
    Renderer: NVIDIA GeForce GTX 1050 Ti (ID=0x1c8c)
    Vendor:   NVIDIA
    VRAM:     4004 MB
    Driver:   32.0.15.8253
Begin MonoManager ReloadAssembly
- Completed reload, in  0.065 seconds
OnLevelWasLoaded was found on LineManager
This message has been deprecated and will be removed in a later version of Unity.
Add a delegate to SceneManager.sceneLoaded instead to get notifications after scene loading has completed
 
(Filename:  Line: 375)

<RI> Initializing input.
<RI> Input initialized.
<RI> Initialized touch support.
UnloadTime: 1.184400 ms
Setting up 4 worker threads for Enlighten.
  Thread -> id: 442c -> priority: 1 
  Thread -> id: 678 -> priority: 1 
  Thread -> id: 40fc -> priority: 1 
  Thread -> id: 6790 -> priority: 1 
