Initialize engine version: 2017.4.34f1 (121f18246307)
GfxDevice: creating device client; threaded=1
Direct3D:
    Version:  Direct3D 11.0 [level 11.1]
    Renderer: NVIDIA GeForce GTX 1050 Ti (ID=0x1c8c)
    Vendor:   NVIDIA
    VRAM:     4004 MB
    Driver:   32.0.15.8253
Begin MonoManager ReloadAssembly
- Completed reload, in  0.068 seconds
OnLevelWasLoaded was found on LineManager
This message has been deprecated and will be removed in a later version of Unity.
Add a delegate to SceneManager.sceneLoaded instead to get notifications after scene loading has completed
 
(Filename:  Line: 375)

<RI> Initializing input.
<RI> Input initialized.
<RI> Initialized touch support.
UnloadTime: 2.497300 ms
Unloading 5 Unused Serialized files (Serialized files now loaded: 0)
UnloadTime: 0.549800 ms
WwiseUnity: Sound engine initialized successfully.
 
(Filename: C:\buildslave\unity\build\artifacts/generated/common/runtime/DebugBindings.gen.cpp Line: 51)

The referenced script on this Behaviour (Game Object 'CombatModeButton') is missing!
 
(Filename:  Line: 1758)


Unloading 25 unused Assets to reduce memory usage. Loaded Objects now: 40711.
Total: 57.876900 ms (FindLiveObjects: 1.181000 ms CreateObjectMapping: 2.720000 ms MarkObjects: 53.323400 ms  DeleteObjects: 0.651800 ms)

[Auth] iniciando autenticação para gateway=http://179.197.72.129:8190
 
(Filename: C:\buildslave\unity\build\artifacts/generated/common/runtime/DebugBindings.gen.cpp Line: 51)

Setting up 4 worker threads for Enlighten.
  Thread -> id: 33f0 -> priority: 1 
  Thread -> id: 7a3c -> priority: 1 
  Thread -> id: 2b28 -> priority: 1 
  Thread -> id: 796c -> priority: 1 
